66.249.73.135 - - [17/May/2020:11:05:00 +0000] "GET /?flav=rss20 HTTP/1.1" 200 29941 "-" "Mozilla/5.0 (compatible; Googlebot/2.1; +http://www.google.com/bot.html)"
134.76.249.10 - - [17/May/2020:11:05:01 +0000] "GET /projects/xdotool/ HTTP/1.1" 200 12292 "http://www.google.de/url?sa=t&rct=j&q=&esrc=s&source=web&cd=3&ved=0CDwQFjAC&url=http%3A%2F%2Fwww.semicomplete.com%2Fprojects%2Fxdotool%2F&ei=zNMAU5qaEcantAbD3YHIAQ&usg=AFQjCNE3V_aCf3-gfNcbS924S6jZ6FqffA&bvm=bv.61535280,d.Yms&cad=rja" "Mozilla/5.0 (X11; Linux x86_64; rv:26.0) Gecko/20100101 Firefox/26.0"
97.116.185.190 - - [17/May/2020:11:05:02 +0000] "GET /images/web/2009/banner.png HTTP/1.1" 200 52315 "http://www.semicomplete.com/articles/dynamic-dns-with-dhcp/" "Mozilla/5.0 (Windows NT 5.2; WOW64) AppleWebKit/537.36 (KHTML, like Gecko) Chrome/32.0.1700.107 Safari/537.36"
68.184.202.186 - - [17/May/2020:11:05:02 +0000] "GET /reset.css HTTP/1.1" 200 1015 "http://www.semicomplete.com/projects/xpathtool/" "Mozilla/5.0 (Macintosh; Intel Mac OS X 10_8_5) AppleWebKit/404.36 (KHTML, like Gecko) Chrome/32.0.1700.107 Safari/537.36"
68.184.202.186 - - [17/May/2020:11:05:02 +0000] "GET /style2.css HTTP/1.1" 200 4877 "http://www.semicomplete.com/projects/xpathtool/" "Mozilla/5.0 (Macintosh; Intel Mac OS X 10_8_5) AppleWebKit/537.36 (KHTML, like Gecko) Chrome/32.0.1700.107 Safari/537.36"
208.91.156.11 - - [17/May/2020:11:05:05 +0000] "GET /files/logstash/logstash-1.3.2-monolithic.jar HTTP/1.1" 404 324 "-" "Chef Client/10.18.2 (ruby-1.9.3-p327; ohai-6.16.0; x86_64-linux; +http://opscode.com)"
68.184.202.186 - - [17/May/2020:11:05:05 +0000] "GET /images/jordan-80.png HTTP/1.1" 200 6146 "http://www.semicomplete.com/projects/xpathtool/" "Mozilla/5.0 (Macintosh; Intel Mac OS X 10_8_5) AppleWebKit/537.36 (KHTML, like Gecko) Chrome/32.0.1700.107 Safari/537.36"
5.102.173.71 - - [17/May/2020:11:05:06 +0000] "GET /projects/xdotool/ HTTP/1.1" 200 12292 "-" "Mozilla/5.0 (compatible; MojeekBot/0.6; http://www.mojeek.com/bot.html)"
5.255.72.168 - - [17/May/2020:11:05:08 +0000] "GET /blog/geekery/installing-windows-8-consumer-preview.html HTTP/1.0" 200 8948 "http://www.semicomplete.com/" "Mozilla/5.0 (Macintosh; Intel Mac OS X 10.7; rv:21.0) Gecko/20100101 Firefox/21.0"
220.181.108.153 - - [17/May/2020:11:05:09 +0000] "GET / HTTP/1.1" 200 36824 "-" "Mozilla/5.0 (compatible; Baiduspider/2.0; +http://www.baidu.com/search/spider.html)"
134.76.249.10 - - [17/May/2020:11:05:09 +0000] "GET /reset.css HTTP/1.1" 200 1015 "http://www.semicomplete.com/projects/xdotool/" "Mozilla/5.0 (X11; Linux x86_64; rv:26.0) Gecko/20100101 Firefox/26.0"
134.76.249.10 - - [17/May/2020:11:05:13 +0000] "GET /projects/xdotool/ HTTP/1.1" 200 12292 "http://tuxradar.com/content/xdotool-script-your-mouse" "Mozilla/5.0 (X11; Linux x86_64; rv:26.0) Gecko/20100101 Firefox/26.0"
5.102.173.71 - - [17/May/2020:11:05:13 +0000] "GET /robots.txt HTTP/1.1" 200 - "-" "Mozilla/5.0 (compatible; MojeekBot/0.6; http://www.mojeek.com/bot.html)"
66.249.73.135 - - [17/May/2020:11:05:14 +0000] "GET /blog/geekery/xdotool-2.20110530.html HTTP/1.1" 200 11936 "-" "Mozilla/5.0 (iPhone; CPU iPhone OS 6_0 like Mac OS X) AppleWebKit/536.26 (KHTML, like Gecko) Version/6.0 Mobile/10A5376e Safari/8536.25 (compatible; Googlebot/2.1; +http://www.google.com/bot.html)"
123.125.71.117 - - [17/May/2020:11:05:16 +0000] "GET / HTTP/1.1" 200 36824 "-" "Mozilla/5.0 (compatible; Baiduspider/2.0; +http://www.baidu.com/search/spider.html)"
54.255.13.204 - - [17/May/2020:11:05:17 +0000] "GET /images/web/2009/banner.png HTTP/1.1" 200 52315 "http://www.semicomplete.com/style2.css" "Mozilla/5.0 (Macintosh; Intel Mac OS X 10.8; rv:27.0) Gecko/20100101 Firefox/27.0"
90.220.199.149 - - [17/May/2020:11:05:18 +0000] "GET /blog/geekery/puppet-manage-homedirectory-contents.html HTTP/1.1" 200 10001 "https://www.google.co.uk/" "Mozilla/5.0 (Macintosh; Intel Mac OS X 10_9_1) AppleWebKit/537.36 (KHTML, like Gecko) Chrome/32.0.1700.107 Safari/537.36"
105.235.130.196 - - [17/May/2020:11:05:20 +0000] "GET /reset.css HTTP/1.1" 200 1015 "http://www.semicomplete.com/blog/tags/X11" "Mozilla/5.0 (Linux; Android 4.1.2; GT-S5282 Build/JZO54K) AppleWebKit/537.31 (KHTML, like Gecko) Chrome/26.0.1410.58 Mobile Safari/537.31"
5.255.72.168 - - [17/May/2020:11:05:21 +0000] "GET / HTTP/1.0" 200 37932 "http://www.semicomplete.com/" "Mozilla/5.0 (Macintosh; Intel Mac OS X 10.7; rv:21.0) Gecko/20100101 Firefox/21.0"
105.235.130.196 - - [17/May/2020:11:05:22 +0000] "GET /images/web/2009/banner.png HTTP/1.1" 200 52315 "http://www.semicomplete.com/blog/tags/X11" "Mozilla/5.0 (Linux; Android 4.1.2; GT-S5282 Build/JZO54K) AppleWebKit/537.31 (KHTML, like Gecko) Chrome/26.0.1410.58 Mobile Safari/537.31"
134.76.249.10 - - [17/May/2020:11:05:23 +0000] "GET /favicon.ico HTTP/1.1" 200 3638 "-" "Mozilla/5.0 (X11; Linux x86_64; rv:26.0) Gecko/20100101 Firefox/26.0"
207.241.237.220 - - [17/May/2020:11:05:24 +0000] "GET /blog/tags/C?page=2 HTTP/1.0" 200 16311 "http://www.semicomplete.com/blog/tags/C" "Mozilla/5.0 (compatible; archive.org_bot +http://www.archive.org/details/archive.org_bot)"
90.220.199.149 - - [17/May/2020:11:05:24 +0000] "GET /reset.css HTTP/1.1" 200 1015 "http://www.semicomplete.com/blog/geekery/puppet-manage-homedirectory-contents.html" "Mozilla/5.0 (Macintosh; Intel Mac OS X 10_9_1) AppleWebKit/537.36 (KHTML, like Gecko) Chrome/32.0.1700.107 Safari/537.36"
66.249.73.135 - - [17/May/2020:11:05:26 +0000] "GET /?flav=atom HTTP/1.1" 200 32352 "-" "Mozilla/5.0 (compatible; Googlebot/2.1; +http://www.google.com/bot.html)"
74.125.176.81 - - [17/May/2020:11:05:28 +0000] "GET /?flav=rss20 HTTP/1.1" 200 29941 "-" "FeedBurner/1.0 (http://www.FeedBurner.com)"
68.184.202.186 - - [17/May/2020:11:05:28 +0000] "GET /projects/xpathtool/ HTTP/1.1" 200 10745 "https://www.google.com/" "Mozilla/5.0 (Macintosh; Intel Mac OS X 10_8_5) AppleWebKit/537.36 (KHTML, like Gecko) Chrome/32.0.1700.107 Safari/537.36"
46.105.14.53 - - [17/May/2020:11:05:29 +0000] "GET /blog/tags/puppet?flav=rss20 HTTP/1.1" 200 14872 "-" "UniversalFeedParser/4.2-pre-314-svn +http://feedparser.org/"
97.116.185.190 - - [17/May/2020:11:05:29 +0000] "GET /style2.css HTTP/1.1" 200 4877 "http://www.semicomplete.com/articles/dynamic-dns-with-dhcp/" "Mozilla/5.0 (Windows NT 5.2; WOW64) AppleWebKit/537.36 (KHTML, like Gecko) Chrome/32.0.1700.107 Safari/537.36"
24.233.162.179 - - [17/May/2020:11:05:31 +0000] "GET /favicon.ico HTTP/1.1" 200 3638 "-" "Mozilla/5.0 (X11; Ubuntu; Linux x86_64; rv:25.0) Gecko/20100101 Firefox/25.0"
66.249.73.135 - - [17/May/2020:11:05:32 +0000] "GET /blog/geekery/rhapsody-on-linux.html HTTP/1.1" 200 9109 "-" "Mozilla/5.0 (iPhone; CPU iPhone OS 6_0 like Mac OS X) AppleWebKit/536.26 (KHTML, like Gecko) Version/6.0 Mobile/10A5376e Safari/8536.25 (compatible; Googlebot/2.1; +http://www.google.com/bot.html)"
46.105.14.53 - - [17/May/2020:11:05:33 +0000] "GET /blog/tags/puppet?flav=rss20 HTTP/1.1" 200 14872 "-" "UniversalFeedParser/4.2-pre-314-svn +http://feedparser.org/"
97.116.185.190 - - [17/May/2020:11:05:35 +0000] "GET /favicon.ico HTTP/1.1" 200 3638 "-" "Mozilla/5.0 (Windows NT 5.2; WOW64) AppleWebKit/537.36 (KHTML, like Gecko) Chrome/32.0.1700.107 Safari/537.36"
105.235.130.196 - - [17/May/2020:11:05:37 +0000] "GET /images/jordan-80.png HTTP/1.1" 200 6146 "http://www.semicomplete.com/blog/tags/X11" "Mozilla/5.0 (Linux; Android 4.1.2; GT-S5282 Build/JZO54K) AppleWebKit/537.31 (KHTML, like Gecko) Chrome/26.0.1410.58 Mobile Safari/537.31"
68.184.202.186 - - [17/May/2020:11:05:37 +0000] "GET /images/web/2009/banner.png HTTP/1.1" 200 52315 "http://www.semicomplete.com/projects/xpathtool/" "Mozilla/5.0 (Macintosh; Intel Mac OS X 10_8_5) AppleWebKit/537.36 (KHTML, like Gecko) Chrome/32.0.1700.107 Safari/537.36"
97.116.185.190 - - [17/May/2020:11:05:39 +0000] "GET /images/jordan-80.png HTTP/1.1" 200 6146 "http://www.semicomplete.com/articles/dynamic-dns-with-dhcp/" "Mozilla/5.0 (Windows NT 5.2; WOW64) AppleWebKit/537.36 (KHTML, like Gecko) Chrome/32.0.1700.107 Safari/537.36"
97.116.185.190 - - [17/May/2020:11:05:39 +0000] "GET /reset.css HTTP/1.1" 200 1015 "http://www.semicomplete.com/articles/dynamic-dns-with-dhcp/" "Mozilla/5.0 (Windows NT 5.2; WOW64) AppleWebKit/537.36 (KHTML, like Gecko) Chrome/32.0.1700.107 Safari/537.36"
65.19.138.34 - - [17/May/2020:11:05:40 +0000] "GET / HTTP/1.1" 200 37932 "-" "Feedly/1.0 (+http://www.feedly.com/fetcher.html; like FeedFetcher-Google)"
134.76.249.10 - - [17/May/2020:11:05:40 +0000] "GET /images/jordan-80.png HTTP/1.1" 200 6146 "http://www.semicomplete.com/projects/xdotool/" "Mozilla/5.0 (X11; Linux x86_64; rv:26.0) Gecko/20100101 Firefox/26.0"
54.255.13.204 - - [17/May/2020:11:05:46 +0000] "GET /images/jordan-80.png HTTP/1.1" 200 6146 "http://www.semicomplete.com/articles/ssh-security/" "Mozilla/5.0 (Macintosh; Intel Mac OS X 10.8; rv:27.0) Gecko/20100101 Firefox/27.0"
134.76.249.10 - - [17/May/2020:11:05:47 +0000] "GET /projects/xdotool HTTP/1.1" 301 339 "http://tuxradar.com/content/xdotool-script-your-mouse" "Mozilla/5.0 (X11; Linux x86_64; rv:26.0) Gecko/20100101 Firefox/26.0"
105.235.130.196 - - [17/May/2020:11:05:47 +0000] "GET /style2.css HTTP/1.1" 200 4877 "http://www.semicomplete.com/blog/tags/X11" "Mozilla/5.0 (Linux; Android 4.1.2; GT-S5282 Build/JZO54K) AppleWebKit/537.31 (KHTML, like Gecko) Chrome/26.0.1410.58 Mobile Safari/537.31"
134.76.249.10 - - [17/May/2020:11:05:50 +0000] "GET /images/web/2009/banner.png HTTP/1.1" 200 52315 "http://www.semicomplete.com/style2.css" "Mozilla/5.0 (X11; Linux x86_64; rv:26.0) Gecko/20100101 Firefox/26.0"
90.220.199.149 - - [17/May/2020:11:05:50 +0000] "GET /style2.css HTTP/1.1" 200 4877 "http://www.semicomplete.com/blog/geekery/puppet-manage-homedirectory-contents.html" "Mozilla/5.0 (Macintosh; Intel Mac OS X 10_9_1) AppleWebKit/537.36 (KHTML, like Gecko) Chrome/32.0.1700.107 Safari/537.36"
187.45.193.158 - - [17/May/2020:11:05:54 +0000] "GET /presentations/logstash-1/file/about-me/tequila-face.jpg HTTP/1.1" 200 196054 "-" "Mozilla/4.0 (compatible; MSIE 6.0; Windows NT 5.2; SV1; .NET CLR 2.0.50727; InfoPath.1)"
134.76.249.10 - - [17/May/2020:11:05:57 +0000] "GET /style2.css HTTP/1.1" 200 4877 "http://www.semicomplete.com/projects/xdotool/" "Mozilla/5.0 (X11; Linux x86_64; rv:26.0) Gecko/20100101 Firefox/26.0"
68.184.202.186 - - [17/May/2020:11:05:58 +0000] "GET /favicon.ico HTTP/1.1" 200 3638 "-" "Mozilla/5.0 (Macintosh; Intel Mac OS X 10_8_5) AppleWebKit/537.36 (KHTML, like Gecko) Chrome/32.0.1700.107 Safari/537.36"
66.249.73.185 - - [17/May/2020:11:05:58 +0000] "GET /presentations/logstash-1/ HTTP/1.1" 304 - "-" "Mozilla/5.0 (compatible; Googlebot/2.1; +http://www.google.com/bot.html)"
97.116.185.190 - - [17/May/2020:11:05:59 +0000] "GET /articles/dynamic-dns-with-dhcp/ HTTP/1.1" 200 18848 "http://ubuntuforums.org/showthread.php?t=2003644" "Mozilla/5.0 (Windows NT 5.2; WOW64) AppleWebKit/537.36 (KHTML, like Gecko) Chrome/32.0.1700.107 Safari/537.36"
66.249.73.135 - - [17/May/2020:11:27:08 -0400]	"GET //modules/facebookproductad/views/js HTTP/1.1"	404	671	"-"	"Fuzz Faster U Fool v1.3.1-dev"	"142.250.80.46"	"-"	"-/- (-%)"	"-"	0	-	"cluster:-"	"sid:-"	15837
66.249.73.135 - - [17/May/2020:11:27:08 -0400]	"GET //public/bootstrap HTTP/1.1"	404	671	"-"	"Fuzz Faster U Fool v1.3.1-dev"	"142.250.80.46"	"-"	"-/- (-%)"	"-"	0	-	"cluster:-"	"sid:-"	15552
66.249.73.135 - - [17/May/2020:11:27:08 -0400]	"GET //assets/semantic-ui HTTP/1.1"	404	671	"-"	"Fuzz Faster U Fool v1.3.1-dev"	"142.250.80.46"	"-"	"-/- (-%)"	"-"	0	-	"cluster:-"	"sid:-"	15805
66.249.73.135 - - [17/May/2020:11:27:08 -0400]	"GET //wp-content/plugins/name-directory HTTP/1.1"	404	671	"-"	"Fuzz Faster U Fool v1.3.1-dev"	"142.250.80.46"	"-"	"-/- (-%)"	"-"	0	-	"cluster:-"	"sid:-"	15506
66.249.73.135 - - [17/May/2020:11:27:08 -0400]	"GET //ibet HTTP/1.1"	404	671	"-"	"Fuzz Faster U Fool v1.3.1-dev"	"142.250.80.46"	"-"	"-/- (-%)"	"-"	0	-	"cluster:-"	"sid:-"	15765
66.249.73.135 - - [17/May/2020:11:27:08 -0400]	"GET //wa-data/public/site/themes/mastershop HTTP/1.1"	404	671	"-"	"Fuzz Faster U Fool v1.3.1-dev"	"142.250.80.46"	"-"	"-/- (-%)"	"-"	0	-	"cluster:-"	"sid:-"	15465
66.249.73.135 - - [17/May/2020:11:27:08 -0400]	"GET //getwidget HTTP/1.1"	404	671	"-"	"Fuzz Faster U Fool v1.3.1-dev"	"142.250.80.46"	"-"	"-/- (-%)"	"-"	0	-	"cluster:-"	"sid:-"	15404
66.249.73.135 - - [17/May/2020:11:27:08 -0400]	"GET //php/api HTTP/1.1"	404	671	"-"	"Fuzz Faster U Fool v1.3.1-dev"	"142.250.80.46"	"-"	"-/- (-%)"	"-"	0	-	"cluster:-"	"sid:-"	15643
66.249.73.135 - - [17/May/2020:11:27:08 -0400]	"GET //templates/untitled/images/designer HTTP/1.1"	404	671	"-"	"Fuzz Faster U Fool v1.3.1-dev"	"142.250.80.46"	"-"	"-/- (-%)"	"-"	0	-	"cluster:-"	"sid:-"	15540
66.249.73.135 - - [17/May/2020:11:27:08 -0400]	"GET //theme/default/v2.15.2/new-york/fonts HTTP/1.1"	404	671	"-"	"Fuzz Faster U Fool v1.3.1-dev"	"142.250.80.46"	"-"	"-/- (-%)"	"-"	0	-	"cluster:-"	"sid:-"	15602
66.249.73.135 - - [17/May/2020:11:27:08 -0400]	"GET //assets/heroes HTTP/1.1"	404	671	"-"	"Fuzz Faster U Fool v1.3.1-dev"	"142.250.80.46"	"-"	"-/- (-%)"	"-"	0	-	"cluster:-"	"sid:-"	15580
66.249.73.135 - - [17/May/2020:11:27:08 -0400]	"GET //wp-content/themes/modernize/images HTTP/1.1"	404	671	"-"	"Fuzz Faster U Fool v1.3.1-dev"	"142.250.80.46"	"-"	"-/- (-%)"	"-"	0	-	"cluster:-"	"sid:-"	15542
66.249.73.135 - - [17/May/2020:11:27:08 -0400]	"GET //share/pic HTTP/1.1"	404	671	"-"	"Fuzz Faster U Fool v1.3.1-dev"	"142.250.80.46"	"-"	"-/- (-%)"	"-"	0	-	"cluster:-"	"sid:-"	15439
66.249.73.135 - - [17/May/2020:11:27:08 -0400]	"GET //pic/menu HTTP/1.1"	404	671	"-"	"Fuzz Faster U Fool v1.3.1-dev"	"142.250.80.46"	"-"	"-/- (-%)"	"-"	0	-	"cluster:-"	"sid:-"	15507
66.249.73.135 - - [17/May/2020:11:27:08 -0400]	"GET //wp-content/themes/Automobile HTTP/1.1"	404	671	"-"	"Fuzz Faster U Fool v1.3.1-dev"	"142.250.80.46"	"-"	"-/- (-%)"	"-"	0	-	"cluster:-"	"sid:-"	15289
66.249.73.135 - - [17/May/2020:11:27:08 -0400]	"GET //wp-content/uploads/sites/12 HTTP/1.1"	404	671	"-"	"Fuzz Faster U Fool v1.3.1-dev"	"142.250.80.46"	"-"	"-/- (-%)"	"-"	0	-	"cluster:-"	"sid:-"	15455
66.249.73.135 - - [17/May/2020:11:27:08 -0400]	"GET //99-home_default HTTP/1.1"	404	671	"-"	"Fuzz Faster U Fool v1.3.1-dev"	"142.250.80.46"	"-"	"-/- (-%)"	"-"	0	-	"cluster:-"	"sid:-"	15232
66.249.73.135 - - [17/May/2020:11:27:08 -0400]	"GET //ajax/libs/yui/3.6.0/widget-stack HTTP/1.1"	404	671	"-"	"Fuzz Faster U Fool v1.3.1-dev"	"142.250.80.46"	"-"	"-/- (-%)"	"-"	0	-	"cluster:-"	"sid:-"	15191
66.249.73.135 - - [17/May/2020:11:27:08 -0400]	"GET //images/newsite HTTP/1.1"	404	671	"-"	"Fuzz Faster U Fool v1.3.1-dev"	"142.250.80.46"	"-"	"-/- (-%)"	"-"	0	-	"cluster:-"	"sid:-"	14637
66.249.73.135 - - [17/May/2020:11:27:08 -0400]	"GET //ajax_paging HTTP/1.1"	404	671	"-"	"Fuzz Faster U Fool v1.3.1-dev"	"142.250.80.46"	"-"	"-/- (-%)"	"-"	0	-	"cluster:-"	"sid:-"	15533
66.249.73.135 - - [17/May/2020:11:27:08 -0400]	"GET //widget/views HTTP/1.1"	404	671	"-"	"Fuzz Faster U Fool v1.3.1-dev"	"142.250.80.46"	"-"	"-/- (-%)"	"-"	0	-	"cluster:-"	"sid:-"	15142
66.249.73.135 - - [17/May/2020:11:27:08 -0400]	"GET //laundry-symbols//js HTTP/1.1"	404	671	"-"	"Fuzz Faster U Fool v1.3.1-dev"	"142.250.80.46"	"-"	"-/- (-%)"	"-"	0	-	"cluster:-"	"sid:-"	15538
66.249.73.135 - - [17/May/2020:11:27:08 -0400]	"GET //wp-content/themes/visia/js HTTP/1.1"	404	671	"-"	"Fuzz Faster U Fool v1.3.1-dev"	"142.250.80.46"	"-"	"-/- (-%)"	"-"	0	-	"cluster:-"	"sid:-"	14565
66.249.73.135 - - [17/May/2020:11:27:08 -0400]	"GET //wp-content/themes/betheme/images/icons HTTP/1.1"	404	671	"-"	"Fuzz Faster U Fool v1.3.1-dev"	"142.250.80.46"	"-"	"-/- (-%)"	"-"	0	-	"cluster:-"	"sid:-"	15381
66.249.73.135 - - [17/May/2020:11:27:08 -0400]	"GET //wp-content/plugins/cherrylink/css HTTP/1.1"	404	671	"-"	"Fuzz Faster U Fool v1.3.1-dev"	"142.250.80.46"	"-"	"-/- (-%)"	"-"	0	-	"cluster:-"	"sid:-"	15589
66.249.73.135 - - [17/May/2020:11:27:08 -0400]	"GET //wp-content/plugins/designthemes-core-features/page-builder/js HTTP/1.1"	404	671	"-"	"Fuzz Faster U Fool v1.3.1-dev"	"142.250.80.46"	"-"	"-/- (-%)"	"-"	0	-	"cluster:-"	"sid:-"	15293
66.249.73.135 - - [17/May/2020:11:27:08 -0400]	"GET //_layout HTTP/1.1"	404	671	"-"	"Fuzz Faster U Fool v1.3.1-dev"	"142.250.80.46"	"-"	"-/- (-%)"	"-"	0	-	"cluster:-"	"sid:-"	17490
66.249.73.135 - - [17/May/2020:11:27:08 -0400]	"GET //system/wp-includes/js/jquery HTTP/1.1"	404	671	"-"	"Fuzz Faster U Fool v1.3.1-dev"	"142.250.80.46"	"-"	"-/- (-%)"	"-"	0	-	"cluster:-"	"sid:-"	15513
66.249.73.135 - - [17/May/2020:11:28:08 -0400]	"GET //App_Themes/Main HTTP/1.1"	404	671	"-"	"Fuzz Faster U Fool v1.3.1-dev"	"142.250.80.46"	"-"	"-/- (-%)"	"-"	0	-	"cluster:-"	"sid:-"	15068
66.249.73.135 - - [17/May/2020:11:28:08 -0400]	"GET //images/travel HTTP/1.1"	404	671	"-"	"Fuzz Faster U Fool v1.3.1-dev"	"142.250.80.46"	"-"	"-/- (-%)"	"-"	0	-	"cluster:-"	"sid:-"	14999
66.249.73.135 - - [17/May/2020:11:28:08 -0400]	"GET //ajax/libs//jquery/1.12.0 HTTP/1.1"	404	671	"-"	"Fuzz Faster U Fool v1.3.1-dev"	"142.250.80.46"	"-"	"-/- (-%)"	"-"	0	-	"cluster:-"	"sid:-"	7432
66.249.73.135 - - [17/May/2020:11:28:08 -0400]	"GET //js/jq_plugins HTTP/1.1"	404	671	"-"	"Fuzz Faster U Fool v1.3.1-dev"	"142.250.80.46"	"-"	"-/- (-%)"	"-"	0	-	"cluster:-"	"sid:-"	8689
66.249.73.135 - - [17/May/2020:11:28:08 -0400]	"GET //ADVER_server/ad_view HTTP/1.1"	404	671	"-"	"Fuzz Faster U Fool v1.3.1-dev"	"142.250.80.46"	"-"	"-/- (-%)"	"-"	0	-	"cluster:-"	"sid:-"	7995
66.249.73.135 - - [17/May/2020:11:28:08 -0400]	"GET //web_img HTTP/1.1"	404	671	"-"	"Fuzz Faster U Fool v1.3.1-dev"	"142.250.80.46"	"-"	"-/- (-%)"	"-"	0	-	"cluster:-"	"sid:-"	84042
66.249.73.135 - - [17/May/2020:11:28:08 -0400]	"GET //wp-content/plugins/wp-ada-compliance-check-basic HTTP/1.1"	404	671	"-"	"Fuzz Faster U Fool v1.3.1-dev"	"142.250.80.46"	"-"	"-/- (-%)"	"-"	0	-	"cluster:-"	"sid:-"	15759
66.249.73.135 - - [17/May/2020:11:28:08 -0400]	"GET //player/web/8.50.0/modules HTTP/1.1"	404	671	"-"	"Fuzz Faster U Fool v1.3.1-dev"	"142.250.80.46"	"-"	"-/- (-%)"	"-"	0	-	"cluster:-"	"sid:-"	15327
66.249.73.135 - - [17/May/2020:11:28:08 -0400]	"GET //cache/images/category HTTP/1.1"	404	671	"-"	"Fuzz Faster U Fool v1.3.1-dev"	"142.250.80.46"	"-"	"-/- (-%)"	"-"	0	-	"cluster:-"	"sid:-"	15814
66.249.73.135 - - [17/May/2020:11:28:08 -0400]	"GET //static/orion/scripts/core/utils HTTP/1.1"	404	671	"-"	"Fuzz Faster U Fool v1.3.1-dev"	"142.250.80.46"	"-"	"-/- (-%)"	"-"	0	-	"cluster:-"	"sid:-"	15535
66.249.73.135 - - [17/May/2020:11:28:08 -0400]	"GET //node_modules/@soprisapps/schoolblocks/dist/images HTTP/1.1"	404	671	"-"	"Fuzz Faster U Fool v1.3.1-dev"	"142.250.80.46"	"-"	"-/- (-%)"	"-"	0	-	"cluster:-"	"sid:-"	15768
66.249.73.135 - - [17/May/2020:11:28:08 -0400]	"GET //img/redes HTTP/1.1"	404	671	"-"	"Fuzz Faster U Fool v1.3.1-dev"	"142.250.80.46"	"-"	"-/- (-%)"	"-"	0	-	"cluster:-"	"sid:-"	32054
66.249.73.135 - - [17/May/2020:11:28:08 -0400]	"GET //newcss HTTP/1.1"	404	671	"-"	"Fuzz Faster U Fool v1.3.1-dev"	"142.250.80.46"	"-"	"-/- (-%)"	"-"	0	-	"cluster:-"	"sid:-"	23798
66.249.73.135 - - [17/May/2020:11:28:08 -0400]	"GET //s/shipporimincho/v4 HTTP/1.1"	404	671	"-"	"Fuzz Faster U Fool v1.3.1-dev"	"142.250.80.46"	"-"	"-/- (-%)"	"-"	0	-	"cluster:-"	"sid:-"	24052
66.249.73.135 - - [17/May/2020:11:28:08 -0400]	"GET //js/portfolio HTTP/1.1"	404	671	"-"	"Fuzz Faster U Fool v1.3.1-dev"	"142.250.80.46"	"-"	"-/- (-%)"	"-"	0	-	"cluster:-"	"sid:-"	23884
66.249.73.135 - - [17/May/2020:11:28:08 -0400]	"GET //tippy.js@5/dist HTTP/1.1"	404	671	"-"	"Fuzz Faster U Fool v1.3.1-dev"	"142.250.80.46"	"-"	"-/- (-%)"	"-"	0	-	"cluster:-"	"sid:-"	24370
66.249.73.135 - - [17/May/2020:11:28:08 -0400]	"GET //wp-content/themes/directory2/ait-theme/assets/colorbox HTTP/1.1"	404	671	"-"	"Fuzz Faster U Fool v1.3.1-dev"	"142.250.80.46"	"-"	"-/- (-%)"	"-"	0	-	"cluster:-"	"sid:-"	1487
66.249.73.135 - - [17/May/2020:11:28:08 -0400]	"GET //cdn_v16.0.3/application/js HTTP/1.1"	404	671	"-"	"Fuzz Faster U Fool v1.3.1-dev"	"142.250.80.46"	"-"	"-/- (-%)"	"-"	0	-	"cluster:-"	"sid:-"	7993
66.249.73.135 - - [17/May/2020:11:28:08 -0400]	"GET //public/images/user_top HTTP/1.1"	404	671	"-"	"Fuzz Faster U Fool v1.3.1-dev"	"142.250.80.46"	"-"	"-/- (-%)"	"-"	0	-	"cluster:-"	"sid:-"	8019
66.249.73.135 - - [17/May/2020:11:28:08 -0400]	"GET //data/fonts HTTP/1.1"	404	671	"-"	"Fuzz Faster U Fool v1.3.1-dev"	"142.250.80.46"	"-"	"-/- (-%)"	"-"	0	-	"cluster:-"	"sid:-"	8311
66.249.73.135 - - [17/May/2020:11:28:08 -0400]	"GET //wp-content/themes/elixir-jellythemes/js HTTP/1.1"	404	671	"-"	"Fuzz Faster U Fool v1.3.1-dev"	"142.250.80.46"	"-"	"-/- (-%)"	"-"	0	-	"cluster:-"	"sid:-"	8697
66.249.73.135 - - [17/May/2020:11:28:08 -0400]	"GET //users/senonichijo HTTP/1.1"	404	671	"-"	"Fuzz Faster U Fool v1.3.1-dev"	"142.250.80.46"	"-"	"-/- (-%)"	"-"	0	-	"cluster:-"	"sid:-"	8341
66.249.73.135 - - [17/May/2020:11:28:08 -0400]	"GET //assets/lp02/script HTTP/1.1"	404	671	"-"	"Fuzz Faster U Fool v1.3.1-dev"	"142.250.80.46"	"-"	"-/- (-%)"	"-"	0	-	"cluster:-"	"sid:-"	16506
66.249.73.135 - - [17/May/2020:11:28:08 -0400]	"GET //sites/all/themes/pitt_theme/bootstrap/js HTTP/1.1"	404	671	"-"	"Fuzz Faster U Fool v1.3.1-dev"	"142.250.80.46"	"-"	"-/- (-%)"	"-"	0	-	"cluster:-"	"sid:-"	8803
66.249.73.135 - - [17/May/2020:11:28:08 -0400]	"GET //wp-content/themes/soprano-theme/public/scripts/controllers HTTP/1.1"	404	671	"-"	"Fuzz Faster U Fool v1.3.1-dev"	"142.250.80.46"	"-"	"-/- (-%)"	"-"	0	-	"cluster:-"	"sid:-"	16082
66.249.73.135 - - [17/May/2020:11:28:08 -0400]	"GET //files/resized HTTP/1.1"	404	671	"-"	"Fuzz Faster U Fool v1.3.1-dev"	"142.250.80.46"	"-"	"-/- (-%)"	"-"	0	-	"cluster:-"	"sid:-"	16226
66.249.73.135 - - [17/May/2020:11:28:08 -0400]	"GET //wp-content/plugins/amp-events/js HTTP/1.1"	404	671	"-"	"Fuzz Faster U Fool v1.3.1-dev"	"142.250.80.46"	"-"	"-/- (-%)"	"-"	0	-	"cluster:-"	"sid:-"	16404
66.249.73.135 - - [17/May/2020:11:28:08 -0400]	"GET //assets/components/modxminify/cache HTTP/1.1"	404	671	"-"	"Fuzz Faster U Fool v1.3.1-dev"	"142.250.80.46"	"-"	"-/- (-%)"	"-"	0	-	"cluster:-"	"sid:-"	16138
66.249.73.135 - - [17/May/2020:11:28:08 -0400]	"GET //ddm/fls/p HTTP/1.1"	404	671	"-"	"Fuzz Faster U Fool v1.3.1-dev"	"142.250.80.46"	"-"	"-/- (-%)"	"-"	0	-	"cluster:-"	"sid:-"	16181
66.249.73.135 - - [17/May/2020:11:28:08 -0400]	"GET //styles/min HTTP/1.1"	404	671	"-"	"Fuzz Faster U Fool v1.3.1-dev"	"142.250.80.46"	"-"	"-/- (-%)"	"-"	0	-	"cluster:-"	"sid:-"	16108
66.249.73.135 - - [17/May/2020:11:28:08 -0400]	"GET //image/cache/banner HTTP/1.1"	404	671	"-"	"Fuzz Faster U Fool v1.3.1-dev"	"142.250.80.46"	"-"	"-/- (-%)"	"-"	0	-	"cluster:-"	"sid:-"	15947
66.249.73.135 - - [17/May/2020:11:28:08 -0400]	"GET //campanas HTTP/1.1"	404	671	"-"	"Fuzz Faster U Fool v1.3.1-dev"	"142.250.80.46"	"-"	"-/- (-%)"	"-"	0	-	"cluster:-"	"sid:-"	16084
66.249.73.135 - - [17/May/2020:11:28:08 -0400]	"GET //zf/images/proz-nliv-homepage HTTP/1.1"	404	671	"-"	"Fuzz Faster U Fool v1.3.1-dev"	"142.250.80.46"	"-"	"-/- (-%)"	"-"	0	-	"cluster:-"	"sid:-"	16127
66.249.73.135 - - [17/May/2020:11:31:08 -0400]	"GET //index-bilder HTTP/1.1"	404	671	"-"	"Fuzz Faster U Fool v1.3.1-dev"	"142.250.80.46"	"-"	"-/- (-%)"	"-"	0	-	"cluster:-"	"sid:-"	8320
66.249.73.135 - - [17/May/2020:11:31:08 -0400]	"GET //img/logolar HTTP/1.1"	404	671	"-"	"Fuzz Faster U Fool v1.3.1-dev"	"142.250.80.46"	"-"	"-/- (-%)"	"-"	0	-	"cluster:-"	"sid:-"	8275
66.249.73.135 - - [17/May/2020:11:31:08 -0400]	"GET //typo3/ext/tumtheme/Resources/Public/Stylesheets HTTP/1.1"	404	671	"-"	"Fuzz Faster U Fool v1.3.1-dev"	"142.250.80.46"	"-"	"-/- (-%)"	"-"	0	-	"cluster:-"	"sid:-"	16059
66.249.73.135 - - [17/May/2020:11:31:08 -0400]	"GET //works HTTP/1.1"	404	671	"-"	"Fuzz Faster U Fool v1.3.1-dev"	"142.250.80.46"	"-"	"-/- (-%)"	"-"	0	-	"cluster:-"	"sid:-"	16168
66.249.73.135 - - [17/May/2020:11:31:08 -0400]	"GET //wp-content/plugins/awsm-team/css HTTP/1.1"	404	671	"-"	"Fuzz Faster U Fool v1.3.1-dev"	"142.250.80.46"	"-"	"-/- (-%)"	"-"	0	-	"cluster:-"	"sid:-"	16071
66.249.73.135 - - [17/May/2020:11:31:08 -0400]	"GET //content/lib HTTP/1.1"	404	671	"-"	"Fuzz Faster U Fool v1.3.1-dev"	"142.250.80.46"	"-"	"-/- (-%)"	"-"	0	-	"cluster:-"	"sid:-"	16122
66.249.73.135 - - [17/May/2020:11:31:08 -0400]	"GET //wa-apps/shop/plugins/productsets/js HTTP/1.1"	404	671	"-"	"Fuzz Faster U Fool v1.3.1-dev"	"142.250.80.46"	"-"	"-/- (-%)"	"-"	0	-	"cluster:-"	"sid:-"	8325
66.249.73.135 - - [17/May/2020:11:31:08 -0400]	"GET //cache/themes/theme3 HTTP/1.1"	404	671	"-"	"Fuzz Faster U Fool v1.3.1-dev"	"142.250.80.46"	"-"	"-/- (-%)"	"-"	0	-	"cluster:-"	"sid:-"	8398
66.249.73.135 - - [17/May/2020:11:31:08 -0400]	"GET //wp-content/plugins/post-grid-elementor-addon/assets/css HTTP/1.1"	404	671	"-"	"Fuzz Faster U Fool v1.3.1-dev"	"142.250.80.46"	"-"	"-/- (-%)"	"-"	0	-	"cluster:-"	"sid:-"	16328
66.249.73.135 - - [17/May/2020:11:31:08 -0400]	"GET //c/5.6.1/wp-includes/js/dist HTTP/1.1"	404	671	"-"	"Fuzz Faster U Fool v1.3.1-dev"	"142.250.80.46"	"-"	"-/- (-%)"	"-"	0	-	"cluster:-"	"sid:-"	8520
66.249.73.135 - - [17/May/2020:11:31:08 -0400]	"GET //playerjs/0.78.0 HTTP/1.1"	404	671	"-"	"Fuzz Faster U Fool v1.3.1-dev"	"142.250.80.46"	"-"	"-/- (-%)"	"-"	0	-	"cluster:-"	"sid:-"	15944
66.249.73.135 - - [17/May/2020:11:31:08 -0400]	"GET //v3/offers/dist HTTP/1.1"	404	671	"-"	"Fuzz Faster U Fool v1.3.1-dev"	"142.250.80.46"	"-"	"-/- (-%)"	"-"	0	-	"cluster:-"	"sid:-"	15897
66.249.73.135 - - [17/May/2020:11:31:08 -0400]	"GET //widget-scripts/extra_content HTTP/1.1"	404	671	"-"	"Fuzz Faster U Fool v1.3.1-dev"	"142.250.80.46"	"-"	"-/- (-%)"	"-"	0	-	"cluster:-"	"sid:-"	8055
66.249.73.135 - - [17/May/2020:11:31:08 -0400]	"GET //utils/getimagecarousel/collection HTTP/1.1"	404	671	"-"	"Fuzz Faster U Fool v1.3.1-dev"	"142.250.80.46"	"-"	"-/- (-%)"	"-"	0	-	"cluster:-"	"sid:-"	8442
66.249.73.135 - - [17/May/2020:11:31:08 -0400]	"GET //reputation HTTP/1.1"	404	671	"-"	"Fuzz Faster U Fool v1.3.1-dev"	"142.250.80.46"	"-"	"-/- (-%)"	"-"	0	-	"cluster:-"	"sid:-"	8300
66.249.73.135 - - [17/May/2020:11:31:08 -0400]	"GET //3/6 HTTP/1.1"	404	671	"-"	"Fuzz Faster U Fool v1.3.1-dev"	"142.250.80.46"	"-"	"-/- (-%)"	"-"	0	-	"cluster:-"	"sid:-"	8396
66.249.73.135 - - [17/May/2020:11:31:08 -0400]	"GET //media/public/products HTTP/1.1"	404	671	"-"	"Fuzz Faster U Fool v1.3.1-dev"	"142.250.80.46"	"-"	"-/- (-%)"	"-"	0	-	"cluster:-"	"sid:-"	8393
66.249.73.135 - - [17/May/2020:11:31:08 -0400]	"GET //images/category_images HTTP/1.1"	404	671	"-"	"Fuzz Faster U Fool v1.3.1-dev"	"142.250.80.46"	"-"	"-/- (-%)"	"-"	0	-	"cluster:-"	"sid:-"	8452
66.249.73.135 - - [17/May/2020:11:31:08 -0400]	"GET //images/font HTTP/1.1"	404	671	"-"	"Fuzz Faster U Fool v1.3.1-dev"	"142.250.80.46"	"-"	"-/- (-%)"	"-"	0	-	"cluster:-"	"sid:-"	763
66.249.73.135 - - [17/May/2020:11:31:08 -0400]	"GET //api/v3/tokens/lists HTTP/1.1"	404	671	"-"	"Fuzz Faster U Fool v1.3.1-dev"	"142.250.80.46"	"-"	"-/- (-%)"	"-"	0	-	"cluster:-"	"sid:-"	7886
66.249.73.135 - - [17/May/2020:11:31:08 -0400]	"GET //assets/img/courses HTTP/1.1"	404	671	"-"	"Fuzz Faster U Fool v1.3.1-dev"	"142.250.80.46"	"-"	"-/- (-%)"	"-"	0	-	"cluster:-"	"sid:-"	7804
66.249.73.135 - - [17/May/2020:11:31:08 -0400]	"GET //leiloes/lotes/imagens HTTP/1.1"	404	671	"-"	"Fuzz Faster U Fool v1.3.1-dev"	"142.250.80.46"	"-"	"-/- (-%)"	"-"	0	-	"cluster:-"	"sid:-"	8264
66.249.73.135 - - [17/May/2020:11:31:08 -0400]	"GET //download/da HTTP/1.1"	404	671	"-"	"Fuzz Faster U Fool v1.3.1-dev"	"142.250.80.46"	"-"	"-/- (-%)"	"-"	0	-	"cluster:-"	"sid:-"	8007
66.249.73.135 - - [17/May/2020:11:31:08 -0400]	"GET //images/sprite/bc/give_away_bonus HTTP/1.1"	404	671	"-"	"Fuzz Faster U Fool v1.3.1-dev"	"142.250.80.46"	"-"	"-/- (-%)"	"-"	0	-	"cluster:-"	"sid:-"	8064
66.249.73.135 - - [17/May/2020:11:31:08 -0400]	"GET //templates/gk_cloudhost/css HTTP/1.1"	404	671	"-"	"Fuzz Faster U Fool v1.3.1-dev"	"142.250.80.46"	"-"	"-/- (-%)"	"-"	0	-	"cluster:-"	"sid:-"	15928
66.249.73.135 - - [17/May/2020:11:31:08 -0400]	"GET //ui/www/css/fs HTTP/1.1"	404	671	"-"	"Fuzz Faster U Fool v1.3.1-dev"	"142.250.80.46"	"-"	"-/- (-%)"	"-"	0	-	"cluster:-"	"sid:-"	16089
66.249.73.135 - - [17/May/2020:11:31:08 -0400]	"GET //upl/a HTTP/1.1"	404	671	"-"	"Fuzz Faster U Fool v1.3.1-dev"	"142.250.80.46"	"-"	"-/- (-%)"	"-"	0	-	"cluster:-"	"sid:-"	16031
66.249.73.135 - - [17/May/2020:11:31:08 -0400]	"GET //DesktopModules/NOAH_Common/WebControls/DictionaryFormBuilderHTML5/WebSupport/js HTTP/1.1"	404	671	"-"	"Fuzz Faster U Fool v1.3.1-dev"	"142.250.80.46"	"-"	"-/- (-%)"	"-"	0	-	"cluster:-"	"sid:-"	15866
66.249.73.135 - - [17/May/2020:11:31:08 -0400]	"GET //bbs/static/image/common HTTP/1.1"	404	671	"-"	"Fuzz Faster U Fool v1.3.1-dev"	"142.250.80.46"	"-"	"-/- (-%)"	"-"	0	-	"cluster:-"	"sid:-"	15955
66.249.73.135 - - [17/May/2020:11:31:08 -0400]	"GET //images/emoji.php/v9/t28/1/16 HTTP/1.1"	404	671	"-"	"Fuzz Faster U Fool v1.3.1-dev"	"142.250.80.46"	"-"	"-/- (-%)"	"-"	0	-	"cluster:-"	"sid:-"	8129
66.249.73.135 - - [17/May/2020:11:42:08 -0400]	"GET //c/a/p/capcir HTTP/1.1"	404	671	"-"	"Fuzz Faster U Fool v1.3.1-dev"	"142.250.80.46"	"-"	"-/- (-%)"	"-"	0	-	"cluster:-"	"sid:-"	16082
66.249.73.135 - - [17/May/2020:11:42:08 -0400]	"GET //s/lekton/v11 HTTP/1.1"	404	671	"-"	"Fuzz Faster U Fool v1.3.1-dev"	"142.250.80.46"	"-"	"-/- (-%)"	"-"	0	-	"cluster:-"	"sid:-"	8373
66.249.73.135 - - [17/May/2020:11:42:08 -0400]	"GET //wp-content/themes/webify/assets/css HTTP/1.1"	404	671	"-"	"Fuzz Faster U Fool v1.3.1-dev"	"142.250.80.46"	"-"	"-/- (-%)"	"-"	0	-	"cluster:-"	"sid:-"	15995
66.249.73.135 - - [17/May/2020:11:42:08 -0400]	"GET //wp-content/plugins/Ultimate_VC_Addons/assets/min-css/fonts HTTP/1.1"	404	671	"-"	"Fuzz Faster U Fool v1.3.1-dev"	"142.250.80.46"	"-"	"-/- (-%)"	"-"	0	-	"cluster:-"	"sid:-"	223939
66.249.73.135 - - [17/May/2020:11:42:08 -0400]	"GET //media/djextensions/picturefill HTTP/1.1"	404	671	"-"	"Fuzz Faster U Fool v1.3.1-dev"	"142.250.80.46"	"-"	"-/- (-%)"	"-"	0	-	"cluster:-"	"sid:-"	231798
66.249.73.135 - - [17/May/2020:11:42:08 -0400]	"GET //catalog/view/javascript/popup_purchase HTTP/1.1"	404	671	"-"	"Fuzz Faster U Fool v1.3.1-dev"	"142.250.80.46"	"-"	"-/- (-%)"	"-"	0	-	"cluster:-"	"sid:-"	223793
66.249.73.135 - - [17/May/2020:11:42:08 -0400]	"GET //shop/js/scriptaculous HTTP/1.1"	404	671	"-"	"Fuzz Faster U Fool v1.3.1-dev"	"142.250.80.46"	"-"	"-/- (-%)"	"-"	0	-	"cluster:-"	"sid:-"	224036
66.249.73.135 - - [17/May/2020:11:42:08 -0400]	"GET //api/v3/anon/assets HTTP/1.1"	404	671	"-"	"Fuzz Faster U Fool v1.3.1-dev"	"142.250.80.46"	"-"	"-/- (-%)"	"-"	0	-	"cluster:-"	"sid:-"	215335
66.249.73.135 - - [17/May/2020:11:42:08 -0400]	"GET //accel/static/js HTTP/1.1"	404	671	"-"	"Fuzz Faster U Fool v1.3.1-dev"	"142.250.80.46"	"-"	"-/- (-%)"	"-"	0	-	"cluster:-"	"sid:-"	223165
66.249.73.135 - - [17/May/2020:11:42:08 -0400]	"GET //web/upload/ecde/images HTTP/1.1"	404	671	"-"	"Fuzz Faster U Fool v1.3.1-dev"	"142.250.80.46"	"-"	"-/- (-%)"	"-"	0	-	"cluster:-"	"sid:-"	8584
66.249.73.135 - - [17/May/2020:11:42:08 -0400]	"GET //pictures/img HTTP/1.1"	404	671	"-"	"Fuzz Faster U Fool v1.3.1-dev"	"142.250.80.46"	"-"	"-/- (-%)"	"-"	0	-	"cluster:-"	"sid:-"	230076
66.249.73.135 - - [17/May/2020:11:42:08 -0400]	"GET //uploads/public HTTP/1.1"	404	671	"-"	"Fuzz Faster U Fool v1.3.1-dev"	"142.250.80.46"	"-"	"-/- (-%)"	"-"	0	-	"cluster:-"	"sid:-"	16410
66.249.73.135 - - [17/May/2020:11:42:08 -0400]	"GET //files/bannere HTTP/1.1"	404	671	"-"	"Fuzz Faster U Fool v1.3.1-dev"	"142.250.80.46"	"-"	"-/- (-%)"	"-"	0	-	"cluster:-"	"sid:-"	16667
66.249.73.135 - - [17/May/2020:11:42:08 -0400]	"GET //assets/client/images HTTP/1.1"	404	671	"-"	"Fuzz Faster U Fool v1.3.1-dev"	"142.250.80.46"	"-"	"-/- (-%)"	"-"	0	-	"cluster:-"	"sid:-"	16497
66.249.73.135 - - [17/May/2020:11:42:08 -0400]	"GET //papi HTTP/1.1"	404	671	"-"	"Fuzz Faster U Fool v1.3.1-dev"	"142.250.80.46"	"-"	"-/- (-%)"	"-"	0	-	"cluster:-"	"sid:-"	231453
66.249.73.135 - - [17/May/2020:11:42:08 -0400]	"GET //images/bios HTTP/1.1"	404	671	"-"	"Fuzz Faster U Fool v1.3.1-dev"	"142.250.80.46"	"-"	"-/- (-%)"	"-"	0	-	"cluster:-"	"sid:-"	223194
66.249.73.135 - - [17/May/2020:11:42:08 -0400]	"GET //wp-content/plugins/lets-live-blog/frontend/css HTTP/1.1"	404	671	"-"	"Fuzz Faster U Fool v1.3.1-dev"	"142.250.80.46"	"-"	"-/- (-%)"	"-"	0	-	"cluster:-"	"sid:-"	230836
66.249.73.135 - - [17/May/2020:11:42:08 -0400]	"GET //ajax/libs/yui/3.6.0/querystring-parse-simple HTTP/1.1"	404	671	"-"	"Fuzz Faster U Fool v1.3.1-dev"	"142.250.80.46"	"-"	"-/- (-%)"	"-"	0	-	"cluster:-"	"sid:-"	230243
66.249.73.135 - - [17/May/2020:11:42:08 -0400]	"GET //1.10.22/css HTTP/1.1"	404	671	"-"	"Fuzz Faster U Fool v1.3.1-dev"	"142.250.80.46"	"-"	"-/- (-%)"	"-"	0	-	"cluster:-"	"sid:-"	16611
66.249.73.135 - - [17/May/2020:11:42:08 -0400]	"GET //assets//img HTTP/1.1"	404	671	"-"	"Fuzz Faster U Fool v1.3.1-dev"	"142.250.80.46"	"-"	"-/- (-%)"	"-"	0	-	"cluster:-"	"sid:-"	230762
66.249.73.135 - - [17/May/2020:11:42:08 -0400]	"GET //lib/version/4.9.30 HTTP/1.1"	404	671	"-"	"Fuzz Faster U Fool v1.3.1-dev"	"142.250.80.46"	"-"	"-/- (-%)"	"-"	0	-	"cluster:-"	"sid:-"	231474
66.249.73.135 - - [17/May/2020:11:42:08 -0400]	"GET //wp-content/themes/havnor/assets/css HTTP/1.1"	404	671	"-"	"Fuzz Faster U Fool v1.3.1-dev"	"142.250.80.46"	"-"	"-/- (-%)"	"-"	0	-	"cluster:-"	"sid:-"	231787
66.249.73.135 - - [17/May/2020:11:42:08 -0400]	"GET //image/350/merch HTTP/1.1"	404	671	"-"	"Fuzz Faster U Fool v1.3.1-dev"	"142.250.80.46"	"-"	"-/- (-%)"	"-"	0	-	"cluster:-"	"sid:-"	239501
66.249.73.135 - - [17/May/2020:11:42:08 -0400]	"GET //wp-content/plugins/prettyphoto-media/css HTTP/1.1"	404	671	"-"	"Fuzz Faster U Fool v1.3.1-dev"	"142.250.80.46"	"-"	"-/- (-%)"	"-"	0	-	"cluster:-"	"sid:-"	231549
66.249.73.135 - - [17/May/2020:11:42:08 -0400]	"GET //packs/media/assets/images HTTP/1.1"	404	671	"-"	"Fuzz Faster U Fool v1.3.1-dev"	"142.250.80.46"	"-"	"-/- (-%)"	"-"	0	-	"cluster:-"	"sid:-"	232330
66.249.73.135 - - [17/May/2020:11:44:08 -0400]	"GET //front/res/js HTTP/1.1"	404	671	"-"	"Fuzz Faster U Fool v1.3.1-dev"	"142.250.80.46"	"-"	"-/- (-%)"	"-"	0	-	"cluster:-"	"sid:-"	239041
66.249.73.135 - - [17/May/2020:11:44:08 -0400]	"GET //assets-new/images HTTP/1.1"	404	671	"-"	"Fuzz Faster U Fool v1.3.1-dev"	"142.250.80.46"	"-"	"-/- (-%)"	"-"	0	-	"cluster:-"	"sid:-"	231209
66.249.73.135 - - [17/May/2020:11:44:08 -0400]	"GET //www-static/js HTTP/1.1"	404	671	"-"	"Fuzz Faster U Fool v1.3.1-dev"	"142.250.80.46"	"-"	"-/- (-%)"	"-"	0	-	"cluster:-"	"sid:-"	232522
66.249.73.135 - - [17/May/2020:11:44:08 -0400]	"GET //wp-content/plugins/woo-shipping-display-mode/public/css HTTP/1.1"	404	671	"-"	"Fuzz Faster U Fool v1.3.1-dev"	"142.250.80.46"	"-"	"-/- (-%)"	"-"	0	-	"cluster:-"	"sid:-"	15777
66.249.73.135 - - [17/May/2020:11:44:08 -0400]	"GET //content/gallery HTTP/1.1"	404	671	"-"	"Fuzz Faster U Fool v1.3.1-dev"	"142.250.80.46"	"-"	"-/- (-%)"	"-"	0	-	"cluster:-"	"sid:-"	239623
66.249.73.135 - - [17/May/2020:11:44:08 -0400]	"GET //temp_images HTTP/1.1"	404	671	"-"	"Fuzz Faster U Fool v1.3.1-dev"	"142.250.80.46"	"-"	"-/- (-%)"	"-"	0	-	"cluster:-"	"sid:-"	239868
66.249.73.135 - - [17/May/2020:11:44:08 -0400]	"GET //wp-content/plugins/youtube-video-player/admin/gutenberg HTTP/1.1"	404	671	"-"	"Fuzz Faster U Fool v1.3.1-dev"	"142.250.80.46"	"-"	"-/- (-%)"	"-"	0	-	"cluster:-"	"sid:-"	15833
66.249.73.135 - - [17/May/2020:11:44:08 -0400]	"GET //wp-content/plugins/venobox-lightbox/js HTTP/1.1"	404	671	"-"	"Fuzz Faster U Fool v1.3.1-dev"	"142.250.80.46"	"-"	"-/- (-%)"	"-"	0	-	"cluster:-"	"sid:-"	15785
66.249.73.135 - - [17/May/2020:11:44:08 -0400]	"GET //newsletter_popup/css/index HTTP/1.1"	404	671	"-"	"Fuzz Faster U Fool v1.3.1-dev"	"142.250.80.46"	"-"	"-/- (-%)"	"-"	0	-	"cluster:-"	"sid:-"	8103
66.249.73.135 - - [17/May/2020:11:44:08 -0400]	"GET //ajax/libs/yui/3.6.0/jsonp HTTP/1.1"	404	671	"-"	"Fuzz Faster U Fool v1.3.1-dev"	"142.250.80.46"	"-"	"-/- (-%)"	"-"	0	-	"cluster:-"	"sid:-"	245994
66.249.73.135 - - [17/May/2020:11:44:08 -0400]	"GET //ajax/stock-module-used-search HTTP/1.1"	404	671	"-"	"Fuzz Faster U Fool v1.3.1-dev"	"142.250.80.46"	"-"	"-/- (-%)"	"-"	0	-	"cluster:-"	"sid:-"	8056
66.249.73.135 - - [17/May/2020:11:44:08 -0400]	"GET //wp-content/plugins/before-after-image-slider-lite HTTP/1.1"	404	671	"-"	"Fuzz Faster U Fool v1.3.1-dev"	"142.250.80.46"	"-"	"-/- (-%)"	"-"	0	-	"cluster:-"	"sid:-"	8120
66.249.73.135 - - [17/May/2020:11:44:08 -0400]	"GET //web/v2/app/js HTTP/1.1"	404	671	"-"	"Fuzz Faster U Fool v1.3.1-dev"	"142.250.80.46"	"-"	"-/- (-%)"	"-"	0	-	"cluster:-"	"sid:-"	230756
66.249.73.135 - - [17/May/2020:11:44:08 -0400]	"GET //static/20/img HTTP/1.1"	404	671	"-"	"Fuzz Faster U Fool v1.3.1-dev"	"142.250.80.46"	"-"	"-/- (-%)"	"-"	0	-	"cluster:-"	"sid:-"	15746
66.249.73.135 - - [17/May/2020:11:45:08 -0400]	"GET //wp-content/themes/construct/assets/js HTTP/1.1"	404	671	"-"	"Fuzz Faster U Fool v1.3.1-dev"	"142.250.80.46"	"-"	"-/- (-%)"	"-"	0	-	"cluster:-"	"sid:-"	239703
66.249.73.135 - - [17/May/2020:11:45:08 -0400]	"GET //youtube/img/annotations HTTP/1.1"	404	671	"-"	"Fuzz Faster U Fool v1.3.1-dev"	"142.250.80.46"	"-"	"-/- (-%)"	"-"	0	-	"cluster:-"	"sid:-"	239384
66.249.73.135 - - [17/May/2020:11:45:08 -0400]	"GET //st/thumbs/d HTTP/1.1"	404	671	"-"	"Fuzz Faster U Fool v1.3.1-dev"	"142.250.80.46"	"-"	"-/- (-%)"	"-"	0	-	"cluster:-"	"sid:-"	231138
66.249.73.135 - - [17/May/2020:11:45:08 -0400]	"GET //wp-content/plugins/featured-video-plus/img HTTP/1.1"	404	671	"-"	"Fuzz Faster U Fool v1.3.1-dev"	"142.250.80.46"	"-"	"-/- (-%)"	"-"	0	-	"cluster:-"	"sid:-"	9140
66.249.73.135 - - [17/May/2020:11:45:08 -0400]	"GET //assets/cgi/css HTTP/1.1"	404	671	"-"	"Fuzz Faster U Fool v1.3.1-dev"	"142.250.80.46"	"-"	"-/- (-%)"	"-"	0	-	"cluster:-"	"sid:-"	231109
66.249.73.135 - - [17/May/2020:11:45:08 -0400]	"GET //aktuality HTTP/1.1"	404	671	"-"	"Fuzz Faster U Fool v1.3.1-dev"	"142.250.80.46"	"-"	"-/- (-%)"	"-"	0	-	"cluster:-"	"sid:-"	247880
66.249.73.135 - - [17/May/2020:11:45:08 -0400]	"GET //wp-content/themes/Untitled/images HTTP/1.1"	404	671	"-"	"Fuzz Faster U Fool v1.3.1-dev"	"142.250.80.46"	"-"	"-/- (-%)"	"-"	0	-	"cluster:-"	"sid:-"	247433
66.249.73.135 - - [17/May/2020:11:45:08 -0400]	"GET //res/davin-dojo-0_0_7/dijit HTTP/1.1"	404	671	"-"	"Fuzz Faster U Fool v1.3.1-dev"	"142.250.80.46"	"-"	"-/- (-%)"	"-"	0	-	"cluster:-"	"sid:-"	238834
66.249.73.135 - - [17/May/2020:11:45:08 -0400]	"GET //wp-content/plugins/quick-contact-form/legacy HTTP/1.1"	404	671	"-"	"Fuzz Faster U Fool v1.3.1-dev"	"142.250.80.46"	"-"	"-/- (-%)"	"-"	0	-	"cluster:-"	"sid:-"	246877
66.249.73.135 - - [17/May/2020:11:45:08 -0400]	"GET //wp-content/plugins/ap-custom-testimonial/css HTTP/1.1"	404	671	"-"	"Fuzz Faster U Fool v1.3.1-dev"	"142.250.80.46"	"-"	"-/- (-%)"	"-"	0	-	"cluster:-"	"sid:-"	15281
66.249.73.135 - - [17/May/2020:11:45:08 -0400]	"GET //templates/beez_20/fonts HTTP/1.1"	404	671	"-"	"Fuzz Faster U Fool v1.3.1-dev"	"142.250.80.46"	"-"	"-/- (-%)"	"-"	0	-	"cluster:-"	"sid:-"	7929
50.131.51.216 - - [17/May/2020:12:05:01 +0000] "GET /favicon.ico HTTP/1.1" 200 3638 "-" "Mozilla/5.0 (Linux; U; en-us; KFAPWI Build/JDQ39) AppleWebKit/535.19 (KHTML, like Gecko) Silk/3.13 Safari/535.19 Silk-Accelerated=true"
212.242.185.85 - - [17/May/2020:12:05:01 +0000] "GET /favicon.ico HTTP/1.1" 200 3638 "-" "Mozilla/5.0 (Windows NT 6.1; WOW64; rv:27.0) Gecko/20100101 Firefox/27.0"
88.112.19.251 - - [17/May/2020:12:05:01 +0000] "GET /favicon.ico HTTP/1.1" 200 3638 "-" "Mozilla/5.0 (X11; Linux x86_64; rv:26.0) Gecko/20100101 Firefox/26.0"
79.185.184.23 - - [17/May/2020:12:05:01 +0000] "GET /images/jordan-80.png HTTP/1.1" 200 6146 "-" "Mozilla/5.0 (X11; Linux i686; rv:27.0) Gecko/20100101 Firefox/27.0"
108.32.74.68 - - [17/May/2020:12:05:02 +0000] "GET /reset.css HTTP/1.1" 200 1015 "http://www.semicomplete.com/projects/xdotool/" "Mozilla/5.0 (X11; Linux x86_64) AppleWebKit/537.36 (KHTML, like Gecko) Ubuntu Chromium/32.0.1700.102 Chrome/32.0.1700.102 Safari/537.36"
212.197.170.45 - - [17/May/2020:12:05:03 +0000] "GET /favicon.ico HTTP/1.1" 200 3638 "-" "Mozilla/5.0 (Windows NT 6.1; WOW64; rv:27.0) Gecko/20100101 Firefox/27.0"
82.193.99.33 - - [17/May/2020:12:05:04 +0000] "GET /blog/geekery/ssl-latency.html HTTP/1.1" 200 17147 "http://danceuniverse.ru/" "Mozilla/4.0 (compatible; MSIE 5.5; Windows NT 5.0; .NET CLR 1.1.4322)"
100.43.83.137 - - [17/May/2020:12:05:05 +0000] "GET /images/proofsocietyisdoomed.png HTTP/1.1" 304 - "-" "Mozilla/5.0 (compatible; YandexImages/3.0; +http://yandex.com/bots)"
212.242.185.85 - - [17/May/2020:12:05:05 +0000] "GET /projects/xdotool/ HTTP/1.1" 200 12292 "http://www.google.dk/url?sa=t&rct=j&q=&esrc=s&source=web&cd=1&ved=0CC4QFjAA&url=http%3A%2F%2Fwww.semicomplete.com%2Fprojects%2Fxdotool%2F&ei=rNgAU_6xDIOn4gS7yIGQBg&usg=AFQjCNE3V_aCf3-gfNcbS924S6jZ6FqffA&sig2=87asLx5_FCyjuIIp39K-SA&bvm=bv.61535280,d.bGE" "Mozilla/5.0 (Windows NT 6.1; WOW64; rv:27.0) Gecko/20100101 Firefox/27.0"
178.191.44.227 - - [17/May/2020:12:05:05 +0000] "GET /projects/xdotool/xdotool.xhtml HTTP/1.1" 200 50112 "https://www.google.at/" "Mozilla/5.0 (X11; Linux x86_64) AppleWebKit/537.36 (KHTML, like Gecko) Chrome/31.0.1650.63 Safari/537.36"
88.112.19.251 - - [17/May/2020:12:05:06 +0000] "GET /articles/dynamic-dns-with-dhcp/ HTTP/1.1" 200 18848 "http://www.google.fi/url?sa=t&rct=j&q=&esrc=s&source=web&cd=4&ved=0CDkQFjAD&url=http%3A%2F%2Fwww.semicomplete.com%2Farticles%2Fdynamic-dns-with-dhcp%2F&ei=iNkAU7LRAsbhywOt2YGICw&usg=AFQjCNEF1X4Rs52UYQyLiySTQxa97ozM4g&bvm=bv.61535280,d.bGQ" "Mozilla/5.0 (X11; Linux x86_64; rv:26.0) Gecko/20100101 Firefox/26.0"
88.112.19.251 - - [17/May/2020:12:05:06 +0000] "GET /images/jordan-80.png HTTP/1.1" 200 6146 "http://www.semicomplete.com/articles/dynamic-dns-with-dhcp/" "Mozilla/5.0 (X11; Linux x86_64; rv:26.0) Gecko/20100101 Firefox/26.0"
82.247.137.135 - - [17/May/2020:12:05:06 +0000] "GET /style2.css HTTP/1.1" 200 4877 "http://www.semicomplete.com/" "Mozilla/5.0 (X11; Linux x86_64) AppleWebKit/537.36 (KHTML, like Gecko) Chrome/32.0.1700.107 Safari/537.36"
207.241.237.102 - - [17/May/2020:12:05:07 +0000] "GET /blog/tags/regexp HTTP/1.0" 200 20513 "http://www.semicomplete.com/blog/tags/C" "Mozilla/5.0 (compatible; archive.org_bot +http://www.archive.org/details/archive.org_bot)"
88.112.19.251 - - [17/May/2020:12:05:07 +0000] "GET /images/web/2009/banner.png HTTP/1.1" 200 52315 "http://www.semicomplete.com/style2.css" "Mozilla/5.0 (X11; Linux x86_64; rv:26.0) Gecko/20100101 Firefox/26.0"
220.241.45.142 - - [17/May/2020:12:05:07 +0000] "GET /robots.txt HTTP/1.0" 200 - "-" "Mozilla/5.0 (compatible; MJ12bot/v1.4.4; http://www.majestic12.co.uk/bot.php?+)"
79.185.184.23 - - [17/May/2020:12:05:07 +0000] "GET /style2.css HTTP/1.1" 200 4877 "-" "Mozilla/5.0 (X11; Linux i686; rv:27.0) Gecko/20100101 Firefox/27.0"
66.249.73.135 - - [17/May/2020:12:05:09 +0000] "GET /blog/tags/linux HTTP/1.1" 200 29219 "-" "Mozilla/5.0 (iPhone; CPU iPhone OS 6_0 like Mac OS X) AppleWebKit/536.26 (KHTML, like Gecko) Version/6.0 Mobile/10A5376e Safari/8536.25 (compatible; Googlebot/2.1; +http://www.google.com/bot.html)"
86.182.52.145 - - [17/May/2020:12:05:10 +0000] "GET /images/jordan-80.png HTTP/1.1" 200 6146 "http://www.semicomplete.com/articles/dynamic-dns-with-dhcp/" "Mozilla/5.0 (Windows NT 6.3; WOW64) AppleWebKit/537.36 (KHTML, like Gecko) Chrome/32.0.1700.107 Safari/537.36"
88.112.19.251 - - [17/May/2020:12:05:13 +0000] "GET /reset.css HTTP/1.1" 200 1015 "http://www.semicomplete.com/articles/dynamic-dns-with-dhcp/" "Mozilla/5.0 (X11; Linux x86_64; rv:26.0) Gecko/20100101 Firefox/26.0"
223.81.196.65 - - [17/May/2020:12:05:14 +0000] "GET /images/googledotcom.png HTTP/1.1" 200 65748 "http://www.google.com.hk/blank.html" "Mozilla/5.0 (compatible; MSIE 9.0; Windows NT 6.1; Trident/5.0; 2345Explorer 3.2.0.12012)"
82.247.137.135 - - [17/May/2020:12:05:14 +0000] "GET /images/web/2009/banner.png HTTP/1.1" 200 52315 "http://www.semicomplete.com/" "Mozilla/5.0 (X11; Linux x86_64) AppleWebKit/537.36 (KHTML, like Gecko) Chrome/32.0.1700.107 Safari/537.36"
36.38.8.174 - - [17/May/2020:12:05:14 +0000] "GET /style2.css HTTP/1.1" 200 4877 "http://www.semicomplete.com/blog/geekery/ssl-latency.html" "Mozilla/5.0 (Windows NT 6.1; WOW64) AppleWebKit/537.36 (KHTML, like Gecko) Chrome/32.0.1700.107 Safari/537.36"
108.32.74.68 - - [17/May/2020:12:05:15 +0000] "GET /favicon.ico HTTP/1.1" 200 3638 "-" "Mozilla/5.0 (X11; Linux x86_64) AppleWebKit/537.36 (KHTML, like Gecko) Ubuntu Chromium/32.0.1700.102 Chrome/32.0.1700.102 Safari/537.36"
108.32.74.68 - - [17/May/2020:12:05:16 +0000] "GET /images/jordan-80.png HTTP/1.1" 200 6146 "http://www.semicomplete.com/projects/xdotool/" "Mozilla/5.0 (X11; Linux x86_64) AppleWebKit/537.36 (KHTML, like Gecko) Ubuntu Chromium/32.0.1700.102 Chrome/32.0.1700.102 Safari/537.36"
108.32.74.68 - - [17/May/2020:12:05:16 +0000] "GET /projects/xdotool/ HTTP/1.1" 200 12292 "https://www.google.com/" "Mozilla/5.0 (X11; Linux x86_64) AppleWebKit/537.36 (KHTML, like Gecko) Ubuntu Chromium/32.0.1700.102 Chrome/32.0.1700.102 Safari/537.36"
82.193.99.33 - - [17/May/2020:12:05:17 +0000] "GET /blog/geekery/ssl-latency.html HTTP/1.1" 200 17147 "http://danceuniverse.ru/" "Mozilla/4.0 (compatible; MSIE 5.5; Windows NT 5.0; .NET CLR 1.1.4322)"
71.207.12.53 - - [17/May/2020:12:05:17 +0000] "GET /favicon.ico HTTP/1.0" 200 3638 "-" "Safari/9537.73.11 CFNetwork/673.0.3 Darwin/13.0.0 (x86_64) (MacBookPro8%2C1)"
90.220.199.149 - - [17/May/2020:12:05:17 +0000] "GET /favicon.ico HTTP/1.1" 200 3638 "-" "Mozilla/5.0 (Macintosh; Intel Mac OS X 10_9_1) AppleWebKit/537.36 (KHTML, like Gecko) Chrome/32.0.1700.107 Safari/537.36"
212.242.185.85 - - [17/May/2020:12:05:17 +0000] "GET /images/jordan-80.png HTTP/1.1" 200 6146 "http://www.semicomplete.com/projects/xdotool/" "Mozilla/5.0 (Windows NT 6.1; WOW64; rv:27.0) Gecko/20100101 Firefox/27.0"
36.38.8.174 - - [17/May/2020:12:05:17 +0000] "GET /images/web/2009/banner.png HTTP/1.1" 200 52315 "http://www.semicomplete.com/blog/geekery/ssl-latency.html" "Mozilla/5.0 (Windows NT 6.1; WOW64) AppleWebKit/537.36 (KHTML, like Gecko) Chrome/32.0.1700.107 Safari/537.36"
79.185.184.23 - - [17/May/2020:12:05:18 +0000] "GET /projects/xdotool/ HTTP/1.1" 200 12292 "-" "Mozilla/5.0 (X11; Linux i686; rv:27.0) Gecko/20100101 Firefox/27.0"
50.131.51.216 - - [17/May/2020:12:05:18 +0000] "GET /reset.css HTTP/1.1" 200 1015 "http://semicomplete.com/blog/geekery/xvfb-firefox.html" "Mozilla/5.0 (Linux; U; en-us; KFAPWI Build/JDQ39) AppleWebKit/535.19 (KHTML, like Gecko) Silk/3.13 Safari/535.19 Silk-Accelerated=true"
146.1.1.2 - - [17/May/2020:12:05:18 +0000] "GET /style2.css HTTP/1.1" 200 4877 "http://www.semicomplete.com/blog/geekery/ssl-latency.html" "Mozilla/5.0 (Windows NT 6.1; WOW64; rv:28.0) Gecko/404 Firefox/28.0"
74.125.40.16 - - [17/May/2020:12:05:20 +0000] "GET /?flav=rss20 HTTP/1.1" 200 29941 "-" "FeedBurner/1.0 (http://www.FeedBurner.com)"
85.170.84.143 - - [17/May/2020:12:05:20 +0000] "GET /images/jordan-80.png HTTP/1.1" 200 6146 "http://www.semicomplete.com/blog/geekery/xsendevent-xdotool-and-ld_preload.html" "Mozilla/5.0 (X11; Linux x86_64) AppleWebKit/537.36 (KHTML, like Gecko) Chrome/32.0.1700.107 Safari/537.36"
209.85.238.199 - - [17/May/2020:12:05:21 +0000] "GET /?flav=atom HTTP/1.1" 200 32352 "-" "Feedfetcher-Google; (+http://www.google.com/feedfetcher.html; 16 subscribers; feed-id=3389821348893992437)"
90.220.199.149 - - [17/May/2020:12:05:21 +0000] "GET /images/web/2009/banner.png HTTP/1.1" 200 52315 "http://www.semicomplete.com/blog/geekery/puppet-manage-homedirectory-contents.html" "Mozilla/5.0 (Macintosh; Intel Mac OS X 10_9_1) AppleWebKit/537.36 (KHTML, like Gecko) Chrome/32.0.1700.107 Safari/537.36"
108.32.74.68 - - [17/May/2020:12:05:21 +0000] "GET /images/web/2009/banner.png HTTP/1.1" 200 52315 "http://www.semicomplete.com/projects/xdotool/" "Mozilla/5.0 (X11; Linux x86_64) AppleWebKit/537.36 (KHTML, like Gecko) Ubuntu Chromium/32.0.1700.102 Chrome/32.0.1700.102 Safari/537.36"
212.242.185.85 - - [17/May/2020:12:05:21 +0000] "GET /reset.css HTTP/1.1" 200 1015 "http://www.semicomplete.com/projects/xdotool/" "Mozilla/5.0 (Windows NT 6.1; WOW64; rv:27.0) Gecko/20100101 Firefox/27.0"
79.185.184.23 - - [17/May/2020:12:05:22 +0000] "GET /images/web/2009/banner.png HTTP/1.1" 200 52315 "-" "Mozilla/5.0 (X11; Linux i686; rv:27.0) Gecko/20100101 Firefox/27.0"
50.131.51.216 - - [17/May/2020:12:05:23 +0000] "GET /blog/geekery/headless-wrapper-for-ephemeral-xservers.html HTTP/1.1" 200 11902 "http://semicomplete.com/blog/geekery/xvfb-firefox.html" "Mozilla/5.0 (Linux; U; en-us; KFAPWI Build/JDQ39) AppleWebKit/535.19 (KHTML, like Gecko) Silk/3.13 Safari/535.19 Silk-Accelerated=true"
94.228.34.233 - - [17/May/2020:12:05:23 +0000] "GET /resume.xml HTTP/1.1" 304 - "-" "magpie-crawler/1.1 (U; Linux amd64; en-GB; +http://www.brandwatch.net)"
212.242.185.85 - - [17/May/2020:12:05:23 +0000] "GET /style2.css HTTP/1.1" 200 4877 "http://www.semicomplete.com/projects/xdotool/" "Mozilla/5.0 (Windows NT 6.1; WOW64; rv:27.0) Gecko/20100101 Firefox/27.0"
36.38.8.174 - - [17/May/2020:12:05:24 +0000] "GET /blog/geekery/ssl-latency.html HTTP/1.1" 200 17147 "https://www.google.co.kr/" "Mozilla/5.0 (Windows NT 6.1; WOW64) AppleWebKit/537.36 (KHTML, like Gecko) Chrome/32.0.1700.107 Safari/537.36"
146.1.1.2 - - [17/May/2020:12:05:24 +0000] "GET /favicon.ico HTTP/1.1" 200 3638 "-" "Mozilla/5.0 (Windows NT 6.1; WOW64; rv:28.0) Gecko/20100101 Firefox/28.0"
66.249.73.135 - - [17/May/2020:12:05:25 +0000] "GET /blog/tags/C HTTP/1.1" 200 37991 "-" "Mozilla/5.0 (iPhone; CPU iPhone OS 6_0 like Mac OS X) AppleWebKit/536.26 (KHTML, like Gecko) Version/6.0 Mobile/10A5376e Safari/8536.25 (compatible; Googlebot/2.1; +http://www.google.com/bot.html)"
146.1.1.2 - - [17/May/2020:12:05:25 +0000] "GET /images/web/2009/banner.png HTTP/1.1" 200 52315 "http://www.semicomplete.com/style2.css" "Mozilla/5.0 (Windows NT 6.1; WOW64; rv:28.0) Gecko/20100101 Firefox/28.0"
68.180.224.225 - - [17/May/2020:12:05:26 +0000] "GET /blog/geekery/60.html HTTP/1.1" 200 9364 "-" "Mozilla/5.0 (compatible; Yahoo! Slurp; http://help.yahoo.com/help/us/ysearch/slurp)"
